This is pdfTeX, Version 3.141592653-2.6-1.40.27 (TeX Live 2025) (preloaded format=pdflatex 2025.3.12)  6 JUN 2026 14:33
entering extended mode
 restricted \write18 enabled.
 %&-line parsing enabled.
**outlier.tex
(./outlier.tex
LaTeX2e <2024-11-01> patch level 2
L3 programming layer <2025-01-18>
(./IEEEtran.cls
Document Class: IEEEtran 2015/08/26 V1.8b by Michael Shell
-- See the "IEEEtran_HOWTO" manual for usage information.
-- http://www.michaelshell.org/tex/ieeetran/
\@IEEEtrantmpdimenA=\dimen141
\@IEEEtrantmpdimenB=\dimen142
\@IEEEtrantmpdimenC=\dimen143
\@IEEEtrantmpcountA=\count196
\@IEEEtrantmpcountB=\count197
\@IEEEtrantmpcountC=\count198
\@IEEEtrantmptoksA=\toks17
LaTeX Font Info:    Trying to load font information for OT1+ptm on input line 5
03.
(d:/texlive/2025/texmf-dist/tex/latex/psnfss/ot1ptm.fd
File: ot1ptm.fd 2001/06/04 font definitions for OT1/ptm.
)
-- Using 8.5in x 11in (letter) paper.
-- Using PDF output.
\@IEEEnormalsizeunitybaselineskip=\dimen144
-- This is a 10 point document.
\CLASSINFOnormalsizebaselineskip=\dimen145
\CLASSINFOnormalsizeunitybaselineskip=\dimen146
\IEEEnormaljot=\dimen147
LaTeX Font Info:    Font shape `OT1/ptm/bx/n' in size <5> not available
(Font)              Font shape `OT1/ptm/b/n' tried instead on input line 1090.
LaTeX Font Info:    Font shape `OT1/ptm/bx/it' in size <5> not available
(Font)              Font shape `OT1/ptm/b/it' tried instead on input line 1090.

LaTeX Font Info:    Font shape `OT1/ptm/bx/n' in size <7> not available
(Font)              Font shape `OT1/ptm/b/n' tried instead on input line 1090.
LaTeX Font Info:    Font shape `OT1/ptm/bx/it' in size <7> not available
(Font)              Font shape `OT1/ptm/b/it' tried instead on input line 1090.

LaTeX Font Info:    Font shape `OT1/ptm/bx/n' in size <8> not available
(Font)              Font shape `OT1/ptm/b/n' tried instead on input line 1090.
LaTeX Font Info:    Font shape `OT1/ptm/bx/it' in size <8> not available
(Font)              Font shape `OT1/ptm/b/it' tried instead on input line 1090.

LaTeX Font Info:    Font shape `OT1/ptm/bx/n' in size <9> not available
(Font)              Font shape `OT1/ptm/b/n' tried instead on input line 1090.
LaTeX Font Info:    Font shape `OT1/ptm/bx/it' in size <9> not available
(Font)              Font shape `OT1/ptm/b/it' tried instead on input line 1090.

LaTeX Font Info:    Font shape `OT1/ptm/bx/n' in size <10> not available
(Font)              Font shape `OT1/ptm/b/n' tried instead on input line 1090.
LaTeX Font Info:    Font shape `OT1/ptm/bx/it' in size <10> not available
(Font)              Font shape `OT1/ptm/b/it' tried instead on input line 1090.

LaTeX Font Info:    Font shape `OT1/ptm/bx/n' in size <11> not available
(Font)              Font shape `OT1/ptm/b/n' tried instead on input line 1090.
LaTeX Font Info:    Font shape `OT1/ptm/bx/it' in size <11> not available
(Font)              Font shape `OT1/ptm/b/it' tried instead on input line 1090.

LaTeX Font Info:    Font shape `OT1/ptm/bx/n' in size <12> not available
(Font)              Font shape `OT1/ptm/b/n' tried instead on input line 1090.
LaTeX Font Info:    Font shape `OT1/ptm/bx/it' in size <12> not available
(Font)              Font shape `OT1/ptm/b/it' tried instead on input line 1090.

LaTeX Font Info:    Font shape `OT1/ptm/bx/n' in size <17> not available
(Font)              Font shape `OT1/ptm/b/n' tried instead on input line 1090.
LaTeX Font Info:    Font shape `OT1/ptm/bx/it' in size <17> not available
(Font)              Font shape `OT1/ptm/b/it' tried instead on input line 1090.

LaTeX Font Info:    Font shape `OT1/ptm/bx/n' in size <20> not available
(Font)              Font shape `OT1/ptm/b/n' tried instead on input line 1090.
LaTeX Font Info:    Font shape `OT1/ptm/bx/it' in size <20> not available
(Font)              Font shape `OT1/ptm/b/it' tried instead on input line 1090.

LaTeX Font Info:    Font shape `OT1/ptm/bx/n' in size <24> not available
(Font)              Font shape `OT1/ptm/b/n' tried instead on input line 1090.
LaTeX Font Info:    Font shape `OT1/ptm/bx/it' in size <24> not available
(Font)              Font shape `OT1/ptm/b/it' tried instead on input line 1090.

\IEEEquantizedlength=\dimen148
\IEEEquantizedlengthdiff=\dimen149
\IEEEquantizedtextheightdiff=\dimen150
\IEEEilabelindentA=\dimen151
\IEEEilabelindentB=\dimen152
\IEEEilabelindent=\dimen153
\IEEEelabelindent=\dimen154
\IEEEdlabelindent=\dimen155
\IEEElabelindent=\dimen156
\IEEEiednormlabelsep=\dimen157
\IEEEiedmathlabelsep=\dimen158
\IEEEiedtopsep=\skip49
\c@section=\count199
\c@subsection=\count266
\c@subsubsection=\count267
\c@paragraph=\count268
\c@IEEEsubequation=\count269
\abovecaptionskip=\skip50
\belowcaptionskip=\skip51
\c@figure=\count270
\c@table=\count271
\@IEEEeqnnumcols=\count272
\@IEEEeqncolcnt=\count273
\@IEEEsubeqnnumrollback=\count274
\@IEEEquantizeheightA=\dimen159
\@IEEEquantizeheightB=\dimen160
\@IEEEquantizeheightC=\dimen161
\@IEEEquantizeprevdepth=\dimen162
\@IEEEquantizemultiple=\count275
\@IEEEquantizeboxA=\box52
\@IEEEtmpitemindent=\dimen163
\IEEEPARstartletwidth=\dimen164
\c@IEEEbiography=\count276
\@IEEEtranrubishbin=\box53
)
** ATTENTION: Overriding command lockouts (line 2).
(d:/texlive/2025/texmf-dist/tex/latex/cite/cite.sty
LaTeX Info: Redefining \cite on input line 302.
LaTeX Info: Redefining \nocite on input line 332.
Package: cite 2015/02/27  v 5.5
)
(d:/texlive/2025/texmf-dist/tex/latex/amsmath/amsmath.sty
Package: amsmath 2024/11/05 v2.17t AMS math features
\@mathmargin=\skip52

For additional information on amsmath, use the `?' option.
(d:/texlive/2025/texmf-dist/tex/latex/amsmath/amstext.sty
Package: amstext 2021/08/26 v2.01 AMS text

(d:/texlive/2025/texmf-dist/tex/latex/amsmath/amsgen.sty
File: amsgen.sty 1999/11/30 v2.0 generic functions
\@emptytoks=\toks18
\ex@=\dimen165
))
(d:/texlive/2025/texmf-dist/tex/latex/amsmath/amsbsy.sty
Package: amsbsy 1999/11/29 v1.2d Bold Symbols
\pmbraise@=\dimen166
)
(d:/texlive/2025/texmf-dist/tex/latex/amsmath/amsopn.sty
Package: amsopn 2022/04/08 v2.04 operator names
)
\inf@bad=\count277
LaTeX Info: Redefining \frac on input line 233.
\uproot@=\count278
\leftroot@=\count279
LaTeX Info: Redefining \overline on input line 398.
LaTeX Info: Redefining \colon on input line 409.
\classnum@=\count280
\DOTSCASE@=\count281
LaTeX Info: Redefining \ldots on input line 495.
LaTeX Info: Redefining \dots on input line 498.
LaTeX Info: Redefining \cdots on input line 619.
\Mathstrutbox@=\box54
\strutbox@=\box55
LaTeX Info: Redefining \big on input line 721.
LaTeX Info: Redefining \Big on input line 722.
LaTeX Info: Redefining \bigg on input line 723.
LaTeX Info: Redefining \Bigg on input line 724.
\big@size=\dimen167
LaTeX Font Info:    Redeclaring font encoding OML on input line 742.
LaTeX Font Info:    Redeclaring font encoding OMS on input line 743.
\macc@depth=\count282
LaTeX Info: Redefining \bmod on input line 904.
LaTeX Info: Redefining \pmod on input line 909.
LaTeX Info: Redefining \smash on input line 939.
LaTeX Info: Redefining \relbar on input line 969.
LaTeX Info: Redefining \Relbar on input line 970.
\c@MaxMatrixCols=\count283
\dotsspace@=\muskip17
\c@parentequation=\count284
\dspbrk@lvl=\count285
\tag@help=\toks19
\row@=\count286
\column@=\count287
\maxfields@=\count288
\andhelp@=\toks20
\eqnshift@=\dimen168
\alignsep@=\dimen169
\tagshift@=\dimen170
\tagwidth@=\dimen171
\totwidth@=\dimen172
\lineht@=\dimen173
\@envbody=\toks21
\multlinegap=\skip53
\multlinetaggap=\skip54
\mathdisplay@stack=\toks22
LaTeX Info: Redefining \[ on input line 2953.
LaTeX Info: Redefining \] on input line 2954.
)
(d:/texlive/2025/texmf-dist/tex/latex/amsfonts/amssymb.sty
Package: amssymb 2013/01/14 v3.01 AMS font symbols

(d:/texlive/2025/texmf-dist/tex/latex/amsfonts/amsfonts.sty
Package: amsfonts 2013/01/14 v3.01 Basic AMSFonts support
\symAMSa=\mathgroup4
\symAMSb=\mathgroup5
LaTeX Font Info:    Redeclaring math symbol \hbar on input line 98.
LaTeX Font Info:    Overwriting math alphabet `\mathfrak' in version `bold'
(Font)                  U/euf/m/n --> U/euf/b/n on input line 106.
))
(d:/texlive/2025/texmf-dist/tex/latex/amscls/amsthm.sty
Package: amsthm 2020/05/29 v2.20.6
\thm@style=\toks23
\thm@bodyfont=\toks24
\thm@headfont=\toks25
\thm@notefont=\toks26
\thm@headpunct=\toks27
\thm@preskip=\skip55
\thm@postskip=\skip56
\thm@headsep=\skip57
\dth@everypar=\toks28
)
(d:/texlive/2025/texmf-dist/tex/latex/algorithms/algorithm.sty
Package: algorithm 2009/08/24 v0.1 Document Style `algorithm' - floating enviro
nment

(d:/texlive/2025/texmf-dist/tex/latex/float/float.sty
Package: float 2001/11/08 v1.3d Float enhancements (AL)
\c@float@type=\count289
\float@exts=\toks29
\float@box=\box56
\@float@everytoks=\toks30
\@floatcapt=\box57
)
(d:/texlive/2025/texmf-dist/tex/latex/base/ifthen.sty
Package: ifthen 2024/03/16 v1.1e Standard LaTeX ifthen package (DPC)
)
\@float@every@algorithm=\toks31
\c@algorithm=\count290
)
(d:/texlive/2025/texmf-dist/tex/latex/algorithmicx/algpseudocode.sty
Package: algpseudocode 

(d:/texlive/2025/texmf-dist/tex/latex/algorithmicx/algorithmicx.sty
Package: algorithmicx 2005/04/27 v1.2 Algorithmicx

Document Style algorithmicx 1.2 - a greatly improved `algorithmic' style
\c@ALG@line=\count291
\c@ALG@rem=\count292
\c@ALG@nested=\count293
\ALG@tlm=\skip58
\ALG@thistlm=\skip59
\c@ALG@Lnr=\count294
\c@ALG@blocknr=\count295
\c@ALG@storecount=\count296
\c@ALG@tmpcounter=\count297
\ALG@tmplength=\skip60
)
Document Style - pseudocode environments for use with the `algorithmicx' style
) (d:/texlive/2025/texmf-dist/tex/latex/graphics/graphicx.sty
Package: graphicx 2021/09/16 v1.2d Enhanced LaTeX Graphics (DPC,SPQR)

(d:/texlive/2025/texmf-dist/tex/latex/graphics/keyval.sty
Package: keyval 2022/05/29 v1.15 key=value parser (DPC)
\KV@toks@=\toks32
)
(d:/texlive/2025/texmf-dist/tex/latex/graphics/graphics.sty
Package: graphics 2024/08/06 v1.4g Standard LaTeX Graphics (DPC,SPQR)

(d:/texlive/2025/texmf-dist/tex/latex/graphics/trig.sty
Package: trig 2023/12/02 v1.11 sin cos tan (DPC)
)
(d:/texlive/2025/texmf-dist/tex/latex/graphics-cfg/graphics.cfg
File: graphics.cfg 2016/06/04 v1.11 sample graphics configuration
)
Package graphics Info: Driver file: pdftex.def on input line 106.

(d:/texlive/2025/texmf-dist/tex/latex/graphics-def/pdftex.def
File: pdftex.def 2024/04/13 v1.2c Graphics/color driver for pdftex
))
\Gin@req@height=\dimen174
\Gin@req@width=\dimen175
)
(d:/texlive/2025/texmf-dist/tex/latex/base/textcomp.sty
Package: textcomp 2024/04/24 v2.1b Standard LaTeX package
)
(d:/texlive/2025/texmf-dist/tex/latex/xcolor/xcolor.sty
Package: xcolor 2024/09/29 v3.02 LaTeX color extensions (UK)

(d:/texlive/2025/texmf-dist/tex/latex/graphics-cfg/color.cfg
File: color.cfg 2016/01/02 v1.6 sample color configuration
)
Package xcolor Info: Driver file: pdftex.def on input line 274.

(d:/texlive/2025/texmf-dist/tex/latex/graphics/mathcolor.ltx)
Package xcolor Info: Model `cmy' substituted by `cmy0' on input line 1349.
Package xcolor Info: Model `hsb' substituted by `rgb' on input line 1353.
Package xcolor Info: Model `RGB' extended on input line 1365.
Package xcolor Info: Model `HTML' substituted by `rgb' on input line 1367.
Package xcolor Info: Model `Hsb' substituted by `hsb' on input line 1368.
Package xcolor Info: Model `tHsb' substituted by `hsb' on input line 1369.
Package xcolor Info: Model `HSB' substituted by `hsb' on input line 1370.
Package xcolor Info: Model `Gray' substituted by `gray' on input line 1371.
Package xcolor Info: Model `wave' substituted by `hsb' on input line 1372.
)
(d:/texlive/2025/texmf-dist/tex/latex/booktabs/booktabs.sty
Package: booktabs 2020/01/12 v1.61803398 Publication quality tables
\heavyrulewidth=\dimen176
\lightrulewidth=\dimen177
\cmidrulewidth=\dimen178
\belowrulesep=\dimen179
\belowbottomsep=\dimen180
\aboverulesep=\dimen181
\abovetopsep=\dimen182
\cmidrulesep=\dimen183
\cmidrulekern=\dimen184
\defaultaddspace=\dimen185
\@cmidla=\count298
\@cmidlb=\count299
\@aboverulesep=\dimen186
\@belowrulesep=\dimen187
\@thisruleclass=\count300
\@lastruleclass=\count301
\@thisrulewidth=\dimen188
)
(d:/texlive/2025/texmf-dist/tex/latex/multirow/multirow.sty
Package: multirow 2024/11/12 v2.9 Span multiple rows of a table
\multirow@colwidth=\skip61
\multirow@cntb=\count302
\multirow@dima=\skip62
\bigstrutjot=\dimen189
)
(d:/texlive/2025/texmf-dist/tex/latex/tools/array.sty
Package: array 2024/10/17 v2.6g Tabular extension package (FMi)
\col@sep=\dimen190
\ar@mcellbox=\box58
\extrarowheight=\dimen191
\NC@list=\toks33
\extratabsurround=\skip63
\backup@length=\skip64
\ar@cellbox=\box59
)
\c@theorem=\count303
\c@lemma=\count304
\c@proposition=\count305
\c@corollary=\count306
\c@assumption=\count307
\c@definition=\count308
\c@remark=\count309

(d:/texlive/2025/texmf-dist/tex/latex/l3backend/l3backend-pdftex.def
File: l3backend-pdftex.def 2024-05-08 L3 backend support: PDF output (pdfTeX)
\l__color_backend_stack_int=\count310
\l__pdf_internal_box=\box60
)
(./outlier.aux)
\openout1 = `outlier.aux'.

LaTeX Font Info:    Checking defaults for OML/cmm/m/it on input line 27.
LaTeX Font Info:    ... okay on input line 27.
LaTeX Font Info:    Checking defaults for OMS/cmsy/m/n on input line 27.
LaTeX Font Info:    ... okay on input line 27.
LaTeX Font Info:    Checking defaults for OT1/cmr/m/n on input line 27.
LaTeX Font Info:    ... okay on input line 27.
LaTeX Font Info:    Checking defaults for T1/cmr/m/n on input line 27.
LaTeX Font Info:    ... okay on input line 27.
LaTeX Font Info:    Checking defaults for TS1/cmr/m/n on input line 27.
LaTeX Font Info:    ... okay on input line 27.
LaTeX Font Info:    Checking defaults for OMX/cmex/m/n on input line 27.
LaTeX Font Info:    ... okay on input line 27.
LaTeX Font Info:    Checking defaults for U/cmr/m/n on input line 27.
LaTeX Font Info:    ... okay on input line 27.

-- Lines per column: 56 (exact).
(d:/texlive/2025/texmf-dist/tex/context/base/mkii/supp-pdf.mkii
[Loading MPS to PDF converter (version 2006.09.02).]
\scratchcounter=\count311
\scratchdimen=\dimen192
\scratchbox=\box61
\nofMPsegments=\count312
\nofMParguments=\count313
\everyMPshowfont=\toks34
\MPscratchCnt=\count314
\MPscratchDim=\dimen193
\MPnumerator=\count315
\makeMPintoPDFobject=\count316
\everyMPtoPDFconversion=\toks35
) (d:/texlive/2025/texmf-dist/tex/latex/epstopdf-pkg/epstopdf-base.sty
Package: epstopdf-base 2020-01-24 v2.11 Base part for package epstopdf
Package epstopdf-base Info: Redefining graphics rule for `.eps' on input line 4
85.

(d:/texlive/2025/texmf-dist/tex/latex/latexconfig/epstopdf-sys.cfg
File: epstopdf-sys.cfg 2010/07/13 v1.3 Configuration of (r)epstopdf for TeX Liv
e
))
LaTeX Font Info:    Calculating math sizes for size <11> on input line 68.
LaTeX Font Info:    Trying to load font information for U+msa on input line 68.


(d:/texlive/2025/texmf-dist/tex/latex/amsfonts/umsa.fd
File: umsa.fd 2013/01/14 v3.01 AMS symbols A
)
LaTeX Font Info:    Trying to load font information for U+msb on input line 68.


(d:/texlive/2025/texmf-dist/tex/latex/amsfonts/umsb.fd
File: umsb.fd 2013/01/14 v3.01 AMS symbols B
)
<figure/display_new.pdf, id=1, 1210.23346pt x 444.69939pt>
File: figure/display_new.pdf Graphic file (type pdf)
<use figure/display_new.pdf>
Package pdftex.def Info: figure/display_new.pdf  used on input line 87.
(pdftex.def)             Requested size: 516.0pt x 189.60883pt.




[1{d:/texlive/2025/texmf-var/fonts/map/pdftex/updmap/pdftex.map}{d:/texlive/202
5/texmf-dist/fonts/enc/dvips/base/8r.enc}


]
Underfull \hbox (badness 4467) in paragraph at lines 102--103
\OT1/ptm/m/n/10 and representativeness-aware frame-work for pre-training
 []





[2 <./figure/display_new.pdf>]



[3]
Overfull \hbox (1.92477pt too wide) detected at line 251
[]\OML/cmm/m/it/10 ^^X[]\OT1/cmr/m/n/10 (\OML/cmm/m/it/10 S\OT1/cmr/m/n/10 ) = 
\U/msb/m/n/10 E[] [] \OML/cmm/m/it/10 :
 []

<figure/entropy_prediction_diagram.pdf, id=92, 838.63312pt x 304.13625pt>
File: figure/entropy_prediction_diagram.pdf Graphic file (type pdf)
<use figure/entropy_prediction_diagram.pdf>
Package pdftex.def Info: figure/entropy_prediction_diagram.pdf  used on input l
ine 324.
(pdftex.def)             Requested size: 516.0pt x 187.12852pt.


<figure/熵值曲线/3合1.png, id=93, 1480.0896pt x 555.0336pt>
File: figure/熵值曲线/3合1.png Graphic file (type png)
<use figure/熵值曲线/3合1.png>
Package pdftex.def Info: figure/熵值曲线/3合1.png  used on input line 331.

(pdftex.def)             Requested size: 252.0pt x 94.49843pt.
LaTeX Font Info:    Trying to load font information for OT1+pcr on input line 3
55.
(d:/texlive/2025/texmf-dist/tex/latex/psnfss/ot1pcr.fd
File: ot1pcr.fd 2001/06/04 font definitions for OT1/pcr.
)

[4]


Underfull \hbox (badness 3492) in paragraph at lines 435--438
[]\OT1/ptm/b/n/10 Corollary 1 \OT1/ptm/m/n/10 (prob-ing--con-sis-tency out-lier
-re-moval sur-ro-
 []


Underfull \hbox (badness 3668) in paragraph at lines 435--438
\OT1/ptm/m/n/10 gate)\OT1/ptm/b/n/10 . []\OT1/ptm/m/it/10 Sup-pose that the pro
b-ing resid-ual is uni-formly
 []



[5 <./figure/entropy_prediction_diagram.pdf> <./figure/熵值曲线/3合1.png>]

Overfull \hbox (3.47339pt too wide) detected at line 539
[]\OML/cmm/m/it/10 r[]\OT1/cmr/m/n/10 (\OML/cmm/m/it/10 c\OT1/cmr/m/n/10 ) = []
 \OT1/cmr/bx/n/10 1 [] \OML/cmm/m/it/10 ;  c \OT1/cmr/m/n/10 = 1\OML/cmm/m/it/1
0 ; [] ; K:
 []





[6]



[7]
<figure/oracle/risk_bound.pdf, id=163, 1116.57152pt x 727.03621pt>
File: figure/oracle/risk_bound.pdf Graphic file (type pdf)
<use figure/oracle/risk_bound.pdf>
Package pdftex.def Info: figure/oracle/risk_bound.pdf  used on input line 827.
(pdftex.def)             Requested size: 252.0pt x 164.0753pt.
<figure/oracle/theoretical_bound.pdf, id=164, 1550.79375pt x 1009.7725pt>
File: figure/oracle/theoretical_bound.pdf Graphic file (type pdf)
<use figure/oracle/theoretical_bound.pdf>
Package pdftex.def Info: figure/oracle/theoretical_bound.pdf  used on input lin
e 842.
(pdftex.def)             Requested size: 231.83954pt x 150.95088pt.




[8 <./figure/oracle/risk_bound.pdf> <./figure/oracle/theoretical_bound.pdf>]
Underfull \vbox (badness 10000) has occurred while \output is active []




Underfull \vbox (badness 10000) has occurred while \output is active []



[9]
Underfull \hbox (badness 1953) in paragraph at lines 912--913
[]\OT1/ptm/b/n/10 Training-stage cor-rec-tion base-lines: \OT1/ptm/m/n/10 Fed-C
orr [15],
 []



<figure/hyperparameter_sensitivity.png, id=209, 521.147pt x 199.144pt>
File: figure/hyperparameter_sensitivity.png Graphic file (type png)
<use figure/hyperparameter_sensitivity.png>
Package pdftex.def Info: figure/hyperparameter_sensitivity.png  used on input l
ine 978.
(pdftex.def)             Requested size: 252.0pt x 96.29604pt.


[10 <./figure/hyperparameter_sensitivity.png>]

<figure/数据分布/线性加噪/fig9.pdf, id=214, 1105.73097pt x 679.33798pt>

File: figure/数据分布/线性加噪/fig9.pdf Graphic file (type pdf)
<use figure/数据分布/线性加噪/fig9.pdf>
Package pdftex.def Info: figure/数据分布/线性加噪/fig9.pdf  used on inp
ut line 1047.
(pdftex.def)             Requested size: 252.0pt x 154.82433pt.


[11 <./figure/数据分布/线性加噪/fig9.pdf>] (./outlier.bbl



[12]

)

[13]
Overfull \hbox (1.81096pt too wide) detected at line 1255
[]
 []




Underfull \hbox (badness 3803) in paragraph at lines 1393--1394
[]\OT1/ptm/m/n/10 This ap-pendix proves that, un-der the shared class-
 []


Underfull \hbox (badness 2134) in paragraph at lines 1459--1460
[]\OT1/ptm/m/n/10 Thus, un-der shared class-conditional dis-tri-bu-tions, the
 []



[14]



[15]



[16]


Underfull \vbox (badness 4872) has occurred while \output is active []



[17]
<figure/对比实验/cifar10.png, id=262, 733.74126pt x 254.9525pt>
File: figure/对比实验/cifar10.png Graphic file (type png)
<use figure/对比实验/cifar10.png>
Package pdftex.def Info: figure/对比实验/cifar10.png  used on input line 18
77.
(pdftex.def)             Requested size: 516.0pt x 179.30582pt.
<figure/对比实验/cifar100.png, id=263, 733.74126pt x 254.9525pt>
File: figure/对比实验/cifar100.png Graphic file (type png)
<use figure/对比实验/cifar100.png>
Package pdftex.def Info: figure/对比实验/cifar100.png  used on input line 1
883.
(pdftex.def)             Requested size: 516.0pt x 179.30582pt.
<figure/数据分布/线性加噪/cifar100.png, id=264, 5390.1375pt x 2684.0275
pt>
File: figure/数据分布/线性加噪/cifar100.png Graphic file (type png)
<use figure/数据分布/线性加噪/cifar100.png>
Package pdftex.def Info: figure/数据分布/线性加噪/cifar100.png  used on
 input line 1890.
(pdftex.def)             Requested size: 247.6778pt x 123.31523pt.


LaTeX Warning: `h' float specifier changed to `ht'.



<figure/scale_exp/top50-intro.png, id=265, 1415.2875pt x 918.43124pt>
File: figure/scale_exp/top50-intro.png Graphic file (type png)
<use figure/scale_exp/top50-intro.png>
Package pdftex.def Info: figure/scale_exp/top50-intro.png  used on input line 1
911.
(pdftex.def)             Requested size: 252.0pt x 163.5307pt.
<figure/screening.png, id=266, 1087.06125pt x 823.075pt>
File: figure/screening.png Graphic file (type png)
<use figure/screening.png>
Package pdftex.def Info: figure/screening.png  used on input line 1918.
(pdftex.def)             Requested size: 159.95874pt x 121.10736pt.
<figure/nips/scale/cifar100.png, id=267, 1087.06125pt x 823.075pt>
File: figure/nips/scale/cifar100.png Graphic file (type png)
<use figure/nips/scale/cifar100.png>
Package pdftex.def Info: figure/nips/scale/cifar100.png  used on input line 192
0.
(pdftex.def)             Requested size: 159.95874pt x 121.10736pt.
<figure/nips/scale/tinyimagenet.png, id=268, 1087.06125pt x 823.075pt>
File: figure/nips/scale/tinyimagenet.png Graphic file (type png)
<use figure/nips/scale/tinyimagenet.png>
Package pdftex.def Info: figure/nips/scale/tinyimagenet.png  used on input line
 1922.
(pdftex.def)             Requested size: 159.95874pt x 121.10736pt.

LaTeX Warning: `h' float specifier changed to `ht'.



[18]
Underfull \vbox (badness 6542) has occurred while \output is active []




** Conference Paper **
Before submitting the final camera ready copy, remember to:

 1. Manually equalize the lengths of two columns on the last page
 of your paper;

 2. Ensure that any PostScript and/or PDF output post-processing
 uses only Type 1 fonts and that every step in the generation
 process uses the appropriate paper size.



[19 <./figure/对比实验/cifar10.png (PNG copy)> <./figure/对比实验/cifar
100.png (PNG copy)> <./figure/数据分布/线性加噪/cifar100.png (PNG copy)
>]



[20

 <./figure/scale_exp/top50-intro.png (PNG copy)>] [21 <./figure/screening.png (
PNG copy)> <./figure/nips/scale/cifar100.png (PNG copy)> <./figure/nips/scale/t
inyimagenet.png (PNG copy)>] (./outlier.aux)
 ***********
LaTeX2e <2024-11-01> patch level 2
L3 programming layer <2025-01-18>
 ***********
 ) 
Here is how much of TeX's memory you used:
 5411 strings out of 475118
 87453 string characters out of 5765020
 509168 words of memory out of 5000000
 28331 multiletter control sequences out of 15000+600000
 611364 words of font info for 142 fonts, out of 8000000 for 9000
 36 hyphenation exceptions out of 8191
 57i,15n,65p,973b,334s stack positions out of 10000i,1000n,20000p,200000b,200000s
<d:/texlive/2025/texmf-dist/fonts/type1/public/amsfonts/cmextra/cmbsy7.pfb><d
:/texlive/2025/texmf-dist/fonts/type1/public/amsfonts/cmextra/cmbsy8.pfb><d:/te
xlive/2025/texmf-dist/fonts/type1/public/amsfonts/cm/cmbx10.pfb><d:/texlive/202
5/texmf-dist/fonts/type1/public/amsfonts/cm/cmbx7.pfb><d:/texlive/2025/texmf-di
st/fonts/type1/public/amsfonts/cm/cmbx8.pfb><d:/texlive/2025/texmf-dist/fonts/t
ype1/public/amsfonts/cm/cmex10.pfb><d:/texlive/2025/texmf-dist/fonts/type1/publ
ic/amsfonts/cm/cmmi10.pfb><d:/texlive/2025/texmf-dist/fonts/type1/public/amsfon
ts/cm/cmmi5.pfb><d:/texlive/2025/texmf-dist/fonts/type1/public/amsfonts/cm/cmmi
6.pfb><d:/texlive/2025/texmf-dist/fonts/type1/public/amsfonts/cm/cmmi7.pfb><d:/
texlive/2025/texmf-dist/fonts/type1/public/amsfonts/cm/cmmi8.pfb><d:/texlive/20
25/texmf-dist/fonts/type1/public/amsfonts/cmextra/cmmib7.pfb><d:/texlive/2025/t
exmf-dist/fonts/type1/public/amsfonts/cmextra/cmmib8.pfb><d:/texlive/2025/texmf
-dist/fonts/type1/public/amsfonts/cm/cmr10.pfb><d:/texlive/2025/texmf-dist/font
s/type1/public/amsfonts/cm/cmr5.pfb><d:/texlive/2025/texmf-dist/fonts/type1/pub
lic/amsfonts/cm/cmr6.pfb><d:/texlive/2025/texmf-dist/fonts/type1/public/amsfont
s/cm/cmr7.pfb><d:/texlive/2025/texmf-dist/fonts/type1/public/amsfonts/cm/cmr8.p
fb><d:/texlive/2025/texmf-dist/fonts/type1/public/amsfonts/cm/cmsy10.pfb><d:/te
xlive/2025/texmf-dist/fonts/type1/public/amsfonts/cm/cmsy5.pfb><d:/texlive/2025
/texmf-dist/fonts/type1/public/amsfonts/cm/cmsy7.pfb><d:/texlive/2025/texmf-dis
t/fonts/type1/public/amsfonts/cm/cmsy8.pfb><d:/texlive/2025/texmf-dist/fonts/ty
pe1/public/amsfonts/symbols/msam10.pfb><d:/texlive/2025/texmf-dist/fonts/type1/
public/amsfonts/symbols/msbm10.pfb><d:/texlive/2025/texmf-dist/fonts/type1/urw/
courier/ucrr8a.pfb><d:/texlive/2025/texmf-dist/fonts/type1/urw/times/utmb8a.pfb
><d:/texlive/2025/texmf-dist/fonts/type1/urw/times/utmbi8a.pfb><d:/texlive/2025
/texmf-dist/fonts/type1/urw/times/utmr8a.pfb><d:/texlive/2025/texmf-dist/fonts/
type1/urw/times/utmri8a.pfb>
Output written on outlier.pdf (21 pages, 2576773 bytes).
PDF statistics:
 403 PDF objects out of 1000 (max. 8388607)
 219 compressed objects within 3 object streams
 0 named destinations out of 1000 (max. 500000)
 71 words of extra memory for PDF output out of 10000 (max. 10000000)

